Traceback (most recent call last):
  File "/zhome/ea/9/137501/Desktop/ML_final/ML_final/big_vision/utils.py", line 715, in tree_get
    return flattened[name]
           ~~~~~~~~~^^^^^^
KeyError: 'img'
The above exception was the direct cause of the following exception:
Traceback (most recent call last):
  File "/zhome/ea/9/137501/Desktop/ML_final/ML_final/main.py", line 141, in <module>
    Defaults.start()
  File "/zhome/ea/9/137501/Desktop/ML_final/project-env/lib/python3.11/site-packages/dtu/__init__.py", line 235, in start
    cls.run(*args)
  File "/zhome/ea/9/137501/Desktop/ML_final/ML_final/main.py", line 38, in run
    if (isServer): predictor_function, tokenizer, trainable_mask, params, model, save_func = big_vision_test(isServer=isServer)
                                                                                             ^^^^^^^^^^^^^^^^^^^^^^^^^^^^^^^^^^
  File "/zhome/ea/9/137501/Desktop/ML_final/ML_final/big_vision_test.py", line 43, in big_vision_test
    params = paligemma.load(None, MODEL_PATH, model_config)
             ^^^^^^^^^^^^^^^^^^^^^^^^^^^^^^^^^^^^^^^^^^^^^^
  File "/zhome/ea/9/137501/Desktop/ML_final/ML_final/big_vision/models/proj/paligemma/paligemma.py", line 276, in load
    restored_params["img"] = importlib.import_module(
                             ^^^^^^^^^^^^^^^^^^^^^^^^
  File "/zhome/ea/9/137501/Desktop/ML_final/ML_final/big_vision/models/vit.py", line 409, in load
    restored_params = utils.load_params(init_file)
                      ^^^^^^^^^^^^^^^^^^^^^^^^^^^^
  File "/zhome/ea/9/137501/Desktop/ML_final/ML_final/big_vision/utils.py", line 222, in load_params
    params = tree_get(params, key)
             ^^^^^^^^^^^^^^^^^^^^^
  File "/zhome/ea/9/137501/Desktop/ML_final/ML_final/big_vision/utils.py", line 723, in tree_get
    raise KeyError(Msg(msg)) from e
KeyError: img
Available keys:
param_0
param_1
param_10
param_11
param_12
param_13
param_14
param_15
param_16
param_17
param_18
param_19
param_2
param_20
param_21
param_22
param_23
param_24
param_25
param_26
param_27
param_28
param_29
param_3
param_30
param_31
param_4
param_5
param_6
param_7
param_8
param_9